--------------------------------------------------------------------------------
Release 14.7 Trace  (lin64)
Copyright (c) 1995-2013 Xilinx, Inc.  All rights reserved.

/opt/Xilinx/14.7/ISE_DS/ISE/bin/lin64/unwrapped/trce -intstyle ise -v 3 -s 2 -n
3 -fastpaths -xml neorv32_test_setup_bootloader.twx
neorv32_test_setup_bootloader.ncd -o neorv32_test_setup_bootloader.twr
neorv32_test_setup_bootloader.pcf -ucf neorv32_top.ucf

Design file:              neorv32_test_setup_bootloader.ncd
Physical constraint file: neorv32_test_setup_bootloader.pcf
Device,package,speed:     xc6slx45,csg324,C,-2 (PRODUCTION 1.23 2013-10-13)
Report level:             verbose report

Environment Variable      Effect 
--------------------      ------ 
NONE                      No environment variables were set
--------------------------------------------------------------------------------

INFO:Timing:2698 - No timing constraints found, doing default enumeration.
INFO:Timing:3412 - To improve timing, see the Timing Closure User Guide (UG612).
INFO:Timing:2752 - To get complete path coverage, use the unconstrained paths 
   option. All paths that are not constrained will be reported in the 
   unconstrained paths section(s) of the report.
INFO:Timing:3339 - The clock-to-out numbers in this timing report are based on 
   a 50 Ohm transmission line loading model.  For the details of this model, 
   and for more information on accounting for different loading conditions, 
   please see the device datasheet.



Data Sheet report:
-----------------
All values displayed in nanoseconds (ns)

Setup/Hold to clock clk_i
------------+------------+------------+------------+------------+------------------+--------+
            |Max Setup to|  Process   |Max Hold to |  Process   |                  | Clock  |
Source      | clk (edge) |   Corner   | clk (edge) |   Corner   |Internal Clock(s) | Phase  |
------------+------------+------------+------------+------------+------------------+--------+
rstn_i      |    1.507(R)|      SLOW  |   -0.413(R)|      SLOW  |clk_i_BUFGP       |   0.000|
uart0_rxd_i |    3.368(R)|      SLOW  |   -1.881(R)|      FAST  |clk_i_BUFGP       |   0.000|
------------+------------+------------+------------+------------+------------------+--------+

Clock clk_i to Pad
------------+-----------------+------------+-----------------+------------+------------------+--------+
            |Max (slowest) clk|  Process   |Min (fastest) clk|  Process   |                  | Clock  |
Destination |  (edge) to PAD  |   Corner   |  (edge) to PAD  |   Corner   |Internal Clock(s) | Phase  |
------------+-----------------+------------+-----------------+------------+------------------+--------+
gpio_o<0>   |        12.312(R)|      SLOW  |         5.594(R)|      FAST  |clk_i_BUFGP       |   0.000|
gpio_o<1>   |        12.509(R)|      SLOW  |         5.708(R)|      FAST  |clk_i_BUFGP       |   0.000|
gpio_o<2>   |        12.509(R)|      SLOW  |         5.708(R)|      FAST  |clk_i_BUFGP       |   0.000|
gpio_o<3>   |        12.769(R)|      SLOW  |         5.835(R)|      FAST  |clk_i_BUFGP       |   0.000|
gpio_o<4>   |        13.521(R)|      SLOW  |         6.233(R)|      FAST  |clk_i_BUFGP       |   0.000|
gpio_o<5>   |        13.900(R)|      SLOW  |         6.451(R)|      FAST  |clk_i_BUFGP       |   0.000|
gpio_o<6>   |        15.129(R)|      SLOW  |         7.164(R)|      FAST  |clk_i_BUFGP       |   0.000|
gpio_o<7>   |        14.632(R)|      SLOW  |         6.864(R)|      FAST  |clk_i_BUFGP       |   0.000|
uart0_txd_o |        12.403(R)|      SLOW  |         5.591(R)|      FAST  |clk_i_BUFGP       |   0.000|
------------+-----------------+------------+-----------------+------------+------------------+--------+

Clock to Setup on destination clock clk_i
---------------+---------+---------+---------+---------+
               | Src:Rise| Src:Fall| Src:Rise| Src:Fall|
Source Clock   |Dest:Rise|Dest:Rise|Dest:Fall|Dest:Fall|
---------------+---------+---------+---------+---------+
clk_i          |   13.637|         |         |         |
---------------+---------+---------+---------+---------+


Analysis completed Fri Feb 21 21:18:10 2025 
--------------------------------------------------------------------------------

Trace Settings:
-------------------------
Trace Settings 

Peak Memory Usage: 497 MB



